  pch.cpp
  World.cpp
D:\projetos\kayank2\conquer_kayank\ConquerKayanK\World\World.cpp(135,34): warning C4251: 'World::LogicalMap::m_tiles': 'std::vector<World::LogicalTile,std::allocator<World::LogicalTile>>' needs to have dll-interface to be used by clients of 'World::LogicalMap'
  (compiling source file '/World.cpp')
      D:\Program Files\Microsoft Visual Studio\18\Community\VC\Tools\MSVC\14.51.36231\include\vector(459,7):
      see declaration of 'std::vector<World::LogicalTile,std::allocator<World::LogicalTile>>'
  
D:\projetos\kayank2\conquer_kayank\ConquerKayanK\World\World.cpp(202,51): warning C4251: 'World::QuadTree::m_objects': 'std::vector<std::shared_ptr<World::WorldObject>,std::allocator<std::shared_ptr<World::WorldObject>>>' needs to have dll-interface to be used by clients of 'World::QuadTree'
  (compiling source file '/World.cpp')
      D:\Program Files\Microsoft Visual Studio\18\Community\VC\Tools\MSVC\14.51.36231\include\vector(459,7):
      see declaration of 'std::vector<std::shared_ptr<World::WorldObject>,std::allocator<std::shared_ptr<World::WorldObject>>>'
  
D:\projetos\kayank2\conquer_kayank\ConquerKayanK\World\World.cpp(204,35): warning C4251: 'World::QuadTree::nw': 'std::unique_ptr<World::QuadTree,std::default_delete<World::QuadTree>>' needs to have dll-interface to be used by clients of 'World::QuadTree'
  (compiling source file '/World.cpp')
      D:\Program Files\Microsoft Visual Studio\18\Community\VC\Tools\MSVC\14.51.36231\include\memory(3376,7):
      see declaration of 'std::unique_ptr<World::QuadTree,std::default_delete<World::QuadTree>>'
  
D:\projetos\kayank2\conquer_kayank\ConquerKayanK\World\World.cpp(204,39): warning C4251: 'World::QuadTree::ne': 'std::unique_ptr<World::QuadTree,std::default_delete<World::QuadTree>>' needs to have dll-interface to be used by clients of 'World::QuadTree'
  (compiling source file '/World.cpp')
      D:\Program Files\Microsoft Visual Studio\18\Community\VC\Tools\MSVC\14.51.36231\include\memory(3376,7):
      see declaration of 'std::unique_ptr<World::QuadTree,std::default_delete<World::QuadTree>>'
  
D:\projetos\kayank2\conquer_kayank\ConquerKayanK\World\World.cpp(204,43): warning C4251: 'World::QuadTree::sw': 'std::unique_ptr<World::QuadTree,std::default_delete<World::QuadTree>>' needs to have dll-interface to be used by clients of 'World::QuadTree'
  (compiling source file '/World.cpp')
      D:\Program Files\Microsoft Visual Studio\18\Community\VC\Tools\MSVC\14.51.36231\include\memory(3376,7):
      see declaration of 'std::unique_ptr<World::QuadTree,std::default_delete<World::QuadTree>>'
  
D:\projetos\kayank2\conquer_kayank\ConquerKayanK\World\World.cpp(204,47): warning C4251: 'World::QuadTree::se': 'std::unique_ptr<World::QuadTree,std::default_delete<World::QuadTree>>' needs to have dll-interface to be used by clients of 'World::QuadTree'
  (compiling source file '/World.cpp')
      D:\Program Files\Microsoft Visual Studio\18\Community\VC\Tools\MSVC\14.51.36231\include\memory(3376,7):
      see declaration of 'std::unique_ptr<World::QuadTree,std::default_delete<World::QuadTree>>'
  
D:\projetos\kayank2\conquer_kayank\ConquerKayanK\World\World.cpp(326,68): warning C4251: 'World::WorldManager::m_objects': 'std::unordered_map<uint32_t,std::shared_ptr<World::WorldObject>,std::hash<uint32_t>,std::equal_to<uint32_t>,std::allocator<std::pair<const uint32_t,std::shared_ptr<World::WorldObject>>>>' needs to have dll-interface to be used by clients of 'World::WorldManager'
  (compiling source file '/World.cpp')
      D:\Program Files\Microsoft Visual Studio\18\Community\VC\Tools\MSVC\14.51.36231\include\unordered_map(58,7):
      see declaration of 'std::unordered_map<uint32_t,std::shared_ptr<World::WorldObject>,std::hash<uint32_t>,std::equal_to<uint32_t>,std::allocator<std::pair<const uint32_t,std::shared_ptr<World::WorldObject>>>>'
  
D:\projetos\kayank2\conquer_kayank\ConquerKayanK\World\World.cpp(327,35): warning C4251: 'World::WorldManager::m_quadTree': 'std::unique_ptr<World::QuadTree,std::default_delete<World::QuadTree>>' needs to have dll-interface to be used by clients of 'World::WorldManager'
  (compiling source file '/World.cpp')
      D:\Program Files\Microsoft Visual Studio\18\Community\VC\Tools\MSVC\14.51.36231\include\memory(3376,7):
      see declaration of 'std::unique_ptr<World::QuadTree,std::default_delete<World::QuadTree>>'
  
D:\Program Files\Microsoft Visual Studio\18\Community\VC\Tools\MSVC\14.51.36231\include\memory(3666,56): warning C4267: 'argument': conversion from 'size_t' to 'int', possible loss of data
  (compiling source file '/World.cpp')
      D:\Program Files\Microsoft Visual Studio\18\Community\VC\Tools\MSVC\14.51.36231\include\memory(3666,56):
      the template instantiation context (the oldest one first) is
          D:\projetos\kayank2\conquer_kayank\ConquerKayanK\World\World.cpp(192,23):
          see reference to function template instantiation 'std::unique_ptr<World::QuadTree,std::default_delete<World::QuadTree>> std::make_unique<World::QuadTree,World::Rect,size_t&,0>(World::Rect &&,size_t &)' being compiled
  
     Creating library D:\projetos\kayank2\conquer_kayank\ConquerKayanK\x64\Debug\World.lib and object D:\projetos\kayank2\conquer_kayank\ConquerKayanK\x64\Debug\World.exp
  World.vcxproj -> D:\projetos\kayank2\conquer_kayank\ConquerKayanK\x64\Debug\World.dll
