  Conquer.cpp
D:\projetos\kayank2\conquer_kayank\ConquerKayanK\Resource\Resource.h(27,21): warning C4251: 'Resource::EffectConfig::name': 'std::basic_string<char,std::char_traits<char>,std::allocator<char>>' needs to have dll-interface to be used by clients of 'Resource::EffectConfig'
  (compiling source file 'Conquer.cpp')
      D:\Program Files\Microsoft Visual Studio\18\Community\VC\Tools\MSVC\14.51.36231\include\xstring(589,7):
      see declaration of 'std::basic_string<char,std::char_traits<char>,std::allocator<char>>'
  
D:\projetos\kayank2\conquer_kayank\ConquerKayanK\Resource\Resource.h(37,33): warning C4251: 'Resource::EffectConfig::parts': 'std::vector<Resource::EffectPart,std::allocator<Resource::EffectPart>>' needs to have dll-interface to be used by clients of 'Resource::EffectConfig'
  (compiling source file 'Conquer.cpp')
      D:\Program Files\Microsoft Visual Studio\18\Community\VC\Tools\MSVC\14.51.36231\include\vector(459,7):
      see declaration of 'std::vector<Resource::EffectPart,std::allocator<Resource::EffectPart>>'
  
D:\projetos\kayank2\conquer_kayank\ConquerKayanK\Resource\Resource.h(50,32): warning C4251: 'Resource::ArmorConfig::parts': 'std::vector<Resource::ArmorPart,std::allocator<Resource::ArmorPart>>' needs to have dll-interface to be used by clients of 'Resource::ArmorConfig'
  (compiling source file 'Conquer.cpp')
      D:\Program Files\Microsoft Visual Studio\18\Community\VC\Tools\MSVC\14.51.36231\include\vector(459,7):
      see declaration of 'std::vector<Resource::ArmorPart,std::allocator<Resource::ArmorPart>>'
  
D:\projetos\kayank2\conquer_kayank\ConquerKayanK\Resource\Resource.h(58,27): warning C4251: 'Resource::PtclFrame::positions': 'std::vector<Resource::Vec3,std::allocator<Resource::Vec3>>' needs to have dll-interface to be used by clients of 'Resource::PtclFrame'
  (compiling source file 'Conquer.cpp')
      D:\Program Files\Microsoft Visual Studio\18\Community\VC\Tools\MSVC\14.51.36231\include\vector(459,7):
      see declaration of 'std::vector<Resource::Vec3,std::allocator<Resource::Vec3>>'
  
D:\projetos\kayank2\conquer_kayank\ConquerKayanK\Resource\Resource.h(59,28): warning C4251: 'Resource::PtclFrame::ages': 'std::vector<float,std::allocator<float>>' needs to have dll-interface to be used by clients of 'Resource::PtclFrame'
  (compiling source file 'Conquer.cpp')
      D:\Program Files\Microsoft Visual Studio\18\Community\VC\Tools\MSVC\14.51.36231\include\vector(459,7):
      see declaration of 'std::vector<float,std::allocator<float>>'
  
D:\projetos\kayank2\conquer_kayank\ConquerKayanK\Resource\Resource.h(60,28): warning C4251: 'Resource::PtclFrame::sizes': 'std::vector<float,std::allocator<float>>' needs to have dll-interface to be used by clients of 'Resource::PtclFrame'
  (compiling source file 'Conquer.cpp')
      D:\Program Files\Microsoft Visual Studio\18\Community\VC\Tools\MSVC\14.51.36231\include\vector(459,7):
      see declaration of 'std::vector<float,std::allocator<float>>'
  
D:\projetos\kayank2\conquer_kayank\ConquerKayanK\Resource\Resource.h(66,21): warning C4251: 'Resource::C3Ptcl::name': 'std::basic_string<char,std::char_traits<char>,std::allocator<char>>' needs to have dll-interface to be used by clients of 'Resource::C3Ptcl'
  (compiling source file 'Conquer.cpp')
      D:\Program Files\Microsoft Visual Studio\18\Community\VC\Tools\MSVC\14.51.36231\include\xstring(589,7):
      see declaration of 'std::basic_string<char,std::char_traits<char>,std::allocator<char>>'
  
D:\projetos\kayank2\conquer_kayank\ConquerKayanK\Resource\Resource.h(67,21): warning C4251: 'Resource::C3Ptcl::textureName': 'std::basic_string<char,std::char_traits<char>,std::allocator<char>>' needs to have dll-interface to be used by clients of 'Resource::C3Ptcl'
  (compiling source file 'Conquer.cpp')
      D:\Program Files\Microsoft Visual Studio\18\Community\VC\Tools\MSVC\14.51.36231\include\xstring(589,7):
      see declaration of 'std::basic_string<char,std::char_traits<char>,std::allocator<char>>'
  
D:\projetos\kayank2\conquer_kayank\ConquerKayanK\Resource\Resource.h(75,32): warning C4251: 'Resource::C3Ptcl::frames': 'std::vector<Resource::PtclFrame,std::allocator<Resource::PtclFrame>>' needs to have dll-interface to be used by clients of 'Resource::C3Ptcl'
  (compiling source file 'Conquer.cpp')
      D:\Program Files\Microsoft Visual Studio\18\Community\VC\Tools\MSVC\14.51.36231\include\vector(459,7):
      see declaration of 'std::vector<Resource::PtclFrame,std::allocator<Resource::PtclFrame>>'
  
D:\projetos\kayank2\conquer_kayank\ConquerKayanK\Resource\Resource.h(78,74): warning C4251: 'Resource::C3KeyFrame::boneMatrices': 'std::vector<Resource::Matrix4x4,std::allocator<Resource::Matrix4x4>>' needs to have dll-interface to be used by clients of 'Resource::C3KeyFrame'
  (compiling source file 'Conquer.cpp')
      D:\Program Files\Microsoft Visual Studio\18\Community\VC\Tools\MSVC\14.51.36231\include\vector(459,7):
      see declaration of 'std::vector<Resource::Matrix4x4,std::allocator<Resource::Matrix4x4>>'
  
D:\projetos\kayank2\conquer_kayank\ConquerKayanK\Resource\Resource.h(81,33): warning C4251: 'Resource::C3Motion::keyframes': 'std::vector<Resource::C3KeyFrame,std::allocator<Resource::C3KeyFrame>>' needs to have dll-interface to be used by clients of 'Resource::C3Motion'
  (compiling source file 'Conquer.cpp')
      D:\Program Files\Microsoft Visual Studio\18\Community\VC\Tools\MSVC\14.51.36231\include\vector(459,7):
      see declaration of 'std::vector<Resource::C3KeyFrame,std::allocator<Resource::C3KeyFrame>>'
  
D:\projetos\kayank2\conquer_kayank\ConquerKayanK\Resource\Resource.h(82,28): warning C4251: 'Resource::C3Motion::morphs': 'std::vector<float,std::allocator<float>>' needs to have dll-interface to be used by clients of 'Resource::C3Motion'
  (compiling source file 'Conquer.cpp')
      D:\Program Files\Microsoft Visual Studio\18\Community\VC\Tools\MSVC\14.51.36231\include\vector(459,7):
      see declaration of 'std::vector<float,std::allocator<float>>'
  
D:\projetos\kayank2\conquer_kayank\ConquerKayanK\Resource\Resource.h(91,21): warning C4251: 'Resource::C3Phy::name': 'std::basic_string<char,std::char_traits<char>,std::allocator<char>>' needs to have dll-interface to be used by clients of 'Resource::C3Phy'
  (compiling source file 'Conquer.cpp')
      D:\Program Files\Microsoft Visual Studio\18\Community\VC\Tools\MSVC\14.51.36231\include\xstring(589,7):
      see declaration of 'std::basic_string<char,std::char_traits<char>,std::allocator<char>>'
  
D:\projetos\kayank2\conquer_kayank\ConquerKayanK\Resource\Resource.h(91,39): warning C4251: 'Resource::C3Phy::textureName': 'std::basic_string<char,std::char_traits<char>,std::allocator<char>>' needs to have dll-interface to be used by clients of 'Resource::C3Phy'
  (compiling source file 'Conquer.cpp')
      D:\Program Files\Microsoft Visual Studio\18\Community\VC\Tools\MSVC\14.51.36231\include\xstring(589,7):
      see declaration of 'std::basic_string<char,std::char_traits<char>,std::allocator<char>>'
  
D:\projetos\kayank2\conquer_kayank\ConquerKayanK\Resource\Resource.h(93,32): warning C4251: 'Resource::C3Phy::vertices': 'std::vector<Resource::PhyVertex,std::allocator<Resource::PhyVertex>>' needs to have dll-interface to be used by clients of 'Resource::C3Phy'
  (compiling source file 'Conquer.cpp')
      D:\Program Files\Microsoft Visual Studio\18\Community\VC\Tools\MSVC\14.51.36231\include\vector(459,7):
      see declaration of 'std::vector<Resource::PhyVertex,std::allocator<Resource::PhyVertex>>'
  
D:\projetos\kayank2\conquer_kayank\ConquerKayanK\Resource\Resource.h(93,64): warning C4251: 'Resource::C3Phy::indices': 'std::vector<uint16_t,std::allocator<uint16_t>>' needs to have dll-interface to be used by clients of 'Resource::C3Phy'
  (compiling source file 'Conquer.cpp')
      D:\Program Files\Microsoft Visual Studio\18\Community\VC\Tools\MSVC\14.51.36231\include\vector(459,7):
      see declaration of 'std::vector<uint16_t,std::allocator<uint16_t>>'
  
D:\projetos\kayank2\conquer_kayank\ConquerKayanK\Resource\Resource.h(98,28): warning C4251: 'Resource::C3Model::phys': 'std::vector<Resource::C3Phy,std::allocator<Resource::C3Phy>>' needs to have dll-interface to be used by clients of 'Resource::C3Model'
  (compiling source file 'Conquer.cpp')
      D:\Program Files\Microsoft Visual Studio\18\Community\VC\Tools\MSVC\14.51.36231\include\vector(459,7):
      see declaration of 'std::vector<Resource::C3Phy,std::allocator<Resource::C3Phy>>'
  
D:\projetos\kayank2\conquer_kayank\ConquerKayanK\Resource\Resource.h(99,31): warning C4251: 'Resource::C3Model::motions': 'std::vector<Resource::C3Motion,std::allocator<Resource::C3Motion>>' needs to have dll-interface to be used by clients of 'Resource::C3Model'
  (compiling source file 'Conquer.cpp')
      D:\Program Files\Microsoft Visual Studio\18\Community\VC\Tools\MSVC\14.51.36231\include\vector(459,7):
      see declaration of 'std::vector<Resource::C3Motion,std::allocator<Resource::C3Motion>>'
  
D:\projetos\kayank2\conquer_kayank\ConquerKayanK\Resource\Resource.h(100,29): warning C4251: 'Resource::C3Model::ptcls': 'std::vector<Resource::C3Ptcl,std::allocator<Resource::C3Ptcl>>' needs to have dll-interface to be used by clients of 'Resource::C3Model'
  (compiling source file 'Conquer.cpp')
      D:\Program Files\Microsoft Visual Studio\18\Community\VC\Tools\MSVC\14.51.36231\include\vector(459,7):
      see declaration of 'std::vector<Resource::C3Ptcl,std::allocator<Resource::C3Ptcl>>'
  
D:\projetos\kayank2\conquer_kayank\ConquerKayanK\Resource\Resource.h(110,21): warning C4251: 'Resource::MapTerrainObject::aniPath': 'std::basic_string<char,std::char_traits<char>,std::allocator<char>>' needs to have dll-interface to be used by clients of 'Resource::MapTerrainObject'
  (compiling source file 'Conquer.cpp')
      D:\Program Files\Microsoft Visual Studio\18\Community\VC\Tools\MSVC\14.51.36231\include\xstring(589,7):
      see declaration of 'std::basic_string<char,std::char_traits<char>,std::allocator<char>>'
  
D:\projetos\kayank2\conquer_kayank\ConquerKayanK\Resource\Resource.h(111,21): warning C4251: 'Resource::MapTerrainObject::aniName': 'std::basic_string<char,std::char_traits<char>,std::allocator<char>>' needs to have dll-interface to be used by clients of 'Resource::MapTerrainObject'
  (compiling source file 'Conquer.cpp')
      D:\Program Files\Microsoft Visual Studio\18\Community\VC\Tools\MSVC\14.51.36231\include\xstring(589,7):
      see declaration of 'std::basic_string<char,std::char_traits<char>,std::allocator<char>>'
  
D:\projetos\kayank2\conquer_kayank\ConquerKayanK\Resource\Resource.h(120,21): warning C4251: 'Resource::DMapData::puzzleFile': 'std::basic_string<char,std::char_traits<char>,std::allocator<char>>' needs to have dll-interface to be used by clients of 'Resource::DMapData'
  (compiling source file 'Conquer.cpp')
      D:\Program Files\Microsoft Visual Studio\18\Community\VC\Tools\MSVC\14.51.36231\include\xstring(589,7):
      see declaration of 'std::basic_string<char,std::char_traits<char>,std::allocator<char>>'
  
D:\projetos\kayank2\conquer_kayank\ConquerKayanK\Resource\Resource.h(121,30): warning C4251: 'Resource::DMapData::cells': 'std::vector<Resource::MapCell,std::allocator<Resource::MapCell>>' needs to have dll-interface to be used by clients of 'Resource::DMapData'
  (compiling source file 'Conquer.cpp')
      D:\Program Files\Microsoft Visual Studio\18\Community\VC\Tools\MSVC\14.51.36231\include\vector(459,7):
      see declaration of 'std::vector<Resource::MapCell,std::allocator<Resource::MapCell>>'
  
D:\projetos\kayank2\conquer_kayank\ConquerKayanK\Resource\Resource.h(122,32): warning C4251: 'Resource::DMapData::portals': 'std::vector<Resource::MapPortal,std::allocator<Resource::MapPortal>>' needs to have dll-interface to be used by clients of 'Resource::DMapData'
  (compiling source file 'Conquer.cpp')
      D:\Program Files\Microsoft Visual Studio\18\Community\VC\Tools\MSVC\14.51.36231\include\vector(459,7):
      see declaration of 'std::vector<Resource::MapPortal,std::allocator<Resource::MapPortal>>'
  
D:\projetos\kayank2\conquer_kayank\ConquerKayanK\Resource\Resource.h(123,39): warning C4251: 'Resource::DMapData::terrainObjects': 'std::vector<Resource::MapTerrainObject,std::allocator<Resource::MapTerrainObject>>' needs to have dll-interface to be used by clients of 'Resource::DMapData'
  (compiling source file 'Conquer.cpp')
      D:\Program Files\Microsoft Visual Studio\18\Community\VC\Tools\MSVC\14.51.36231\include\vector(459,7):
      see declaration of 'std::vector<Resource::MapTerrainObject,std::allocator<Resource::MapTerrainObject>>'
  
D:\projetos\kayank2\conquer_kayank\ConquerKayanK\Resource\Resource.h(128,21): warning C4251: 'Resource::PulData::puzzleType': 'std::basic_string<char,std::char_traits<char>,std::allocator<char>>' needs to have dll-interface to be used by clients of 'Resource::PulData'
  (compiling source file 'Conquer.cpp')
      D:\Program Files\Microsoft Visual Studio\18\Community\VC\Tools\MSVC\14.51.36231\include\xstring(589,7):
      see declaration of 'std::basic_string<char,std::char_traits<char>,std::allocator<char>>'
  
D:\projetos\kayank2\conquer_kayank\ConquerKayanK\Resource\Resource.h(128,33): warning C4251: 'Resource::PulData::aniFile': 'std::basic_string<char,std::char_traits<char>,std::allocator<char>>' needs to have dll-interface to be used by clients of 'Resource::PulData'
  (compiling source file 'Conquer.cpp')
      D:\Program Files\Microsoft Visual Studio\18\Community\VC\Tools\MSVC\14.51.36231\include\xstring(589,7):
      see declaration of 'std::basic_string<char,std::char_traits<char>,std::allocator<char>>'
  
D:\projetos\kayank2\conquer_kayank\ConquerKayanK\Resource\Resource.h(130,30): warning C4251: 'Resource::PulData::tiles': 'std::vector<int16_t,std::allocator<int16_t>>' needs to have dll-interface to be used by clients of 'Resource::PulData'
  (compiling source file 'Conquer.cpp')
      D:\Program Files\Microsoft Visual Studio\18\Community\VC\Tools\MSVC\14.51.36231\include\vector(459,7):
      see declaration of 'std::vector<int16_t,std::allocator<int16_t>>'
  
D:\projetos\kayank2\conquer_kayank\ConquerKayanK\Resource\Resource.h(134,21): warning C4251: 'Resource::GameMapRecord::dmapPath': 'std::basic_string<char,std::char_traits<char>,std::allocator<char>>' needs to have dll-interface to be used by clients of 'Resource::GameMapRecord'
  (compiling source file 'Conquer.cpp')
      D:\Program Files\Microsoft Visual Studio\18\Community\VC\Tools\MSVC\14.51.36231\include\xstring(589,7):
      see declaration of 'std::basic_string<char,std::char_traits<char>,std::allocator<char>>'
  
D:\projetos\kayank2\conquer_kayank\ConquerKayanK\Conquer\Conquer.cpp(328,19): warning C4018: '>=': signed/unsigned mismatch
D:\projetos\kayank2\conquer_kayank\ConquerKayanK\Conquer\Conquer.cpp(742,19): warning C4018: '>=': signed/unsigned mismatch
D:\projetos\kayank2\conquer_kayank\ConquerKayanK\Conquer\Conquer.cpp(812,35): warning C4018: '<': signed/unsigned mismatch
D:\projetos\kayank2\conquer_kayank\ConquerKayanK\Conquer\Conquer.cpp(841,35): warning C4018: '<': signed/unsigned mismatch
D:\projetos\kayank2\conquer_kayank\ConquerKayanK\Conquer\Conquer.cpp(862,35): warning C4018: '<': signed/unsigned mismatch
D:\projetos\kayank2\conquer_kayank\ConquerKayanK\Conquer\Conquer.cpp(1036,83): warning C4018: '<': signed/unsigned mismatch
D:\projetos\kayank2\conquer_kayank\ConquerKayanK\Conquer\Conquer.cpp(1110,90): warning C4018: '<': signed/unsigned mismatch
D:\projetos\kayank2\conquer_kayank\ConquerKayanK\Conquer\Conquer.cpp(1235,78): warning C4244: '=': conversion from 'int' to 'float', possible loss of data
D:\projetos\kayank2\conquer_kayank\ConquerKayanK\Conquer\Conquer.cpp(1238,43): warning C4244: '=': conversion from 'int' to 'float', possible loss of data
D:\projetos\kayank2\conquer_kayank\ConquerKayanK\Conquer\Conquer.cpp(1578,19): warning C4244: 'initializing': conversion from 'float' to 'int', possible loss of data
Conquer.obj : error LNK2019: unresolved external symbol "struct ImGuiContext * __cdecl ImGui::CreateContext(struct ImFontAtlas *)" (?CreateContext@ImGui@@YAPAUImGuiContext@@PAUImFontAtlas@@@Z) referenced in function "public: bool __thiscall Application::Initialize(struct HINSTANCE__ *)" (?Initialize@Application@@QAE_NPAUHINSTANCE__@@@Z)
Conquer.obj : error LNK2019: unresolved external symbol "void __cdecl ImGui::DestroyContext(struct ImGuiContext *)" (?DestroyContext@ImGui@@YAXPAUImGuiContext@@@Z) referenced in function "public: void __thiscall Application::Run(void)" (?Run@Application@@QAEXXZ)
Conquer.obj : error LNK2019: unresolved external symbol "struct ImGuiIO & __cdecl ImGui::GetIO(void)" (?GetIO@ImGui@@YAAAUImGuiIO@@XZ) referenced in function "public: __thiscall `public: bool __thiscall Application::Initialize(struct HINSTANCE__ *)'::`2'::<lambda_1>::operator()(int)const " (??R<lambda_1>@?1??Initialize@Application@@QAE_NPAUHINSTANCE__@@@Z@QBE@H@Z)
Conquer.obj : error LNK2019: unresolved external symbol "void __cdecl ImGui::NewFrame(void)" (?NewFrame@ImGui@@YAXXZ) referenced in function "public: void __thiscall Application::Run(void)" (?Run@Application@@QAEXXZ)
Conquer.obj : error LNK2019: unresolved external symbol "void __cdecl ImGui::Render(void)" (?Render@ImGui@@YAXXZ) referenced in function "public: void __thiscall Application::Run(void)" (?Run@Application@@QAEXXZ)
Conquer.obj : error LNK2019: unresolved external symbol "struct ImDrawData * __cdecl ImGui::GetDrawData(void)" (?GetDrawData@ImGui@@YAPAUImDrawData@@XZ) referenced in function "public: void __thiscall Application::Run(void)" (?Run@Application@@QAEXXZ)
Conquer.obj : error LNK2019: unresolved external symbol "void __cdecl ImGui::StyleColorsDark(struct ImGuiStyle *)" (?StyleColorsDark@ImGui@@YAXPAUImGuiStyle@@@Z) referenced in function "public: bool __thiscall Application::Initialize(struct HINSTANCE__ *)" (?Initialize@Application@@QAE_NPAUHINSTANCE__@@@Z)
Conquer.obj : error LNK2019: unresolved external symbol "bool __cdecl ImGui::Begin(char const *,bool *,int)" (?Begin@ImGui@@YA_NPBDPA_NH@Z) referenced in function "public: void __thiscall Application::DrawImGuiPanel(void)" (?DrawImGuiPanel@Application@@QAEXXZ)
Conquer.obj : error LNK2019: unresolved external symbol "void __cdecl ImGui::End(void)" (?End@ImGui@@YAXXZ) referenced in function "public: void __thiscall Application::DrawImGuiPanel(void)" (?DrawImGuiPanel@Application@@QAEXXZ)
Conquer.obj : error LNK2019: unresolved external symbol "void __cdecl ImGui::SameLine(float,float)" (?SameLine@ImGui@@YAXMM@Z) referenced in function "public: void __thiscall Application::DrawImGuiPanel(void)" (?DrawImGuiPanel@Application@@QAEXXZ)
Conquer.obj : error LNK2019: unresolved external symbol "bool __cdecl ImGui::Button(char const *,struct ImVec2 const &)" (?Button@ImGui@@YA_NPBDABUImVec2@@@Z) referenced in function "public: void __thiscall Application::DrawImGuiPanel(void)" (?DrawImGuiPanel@Application@@QAEXXZ)
Conquer.obj : error LNK2019: unresolved external symbol "bool __cdecl ImGui::RadioButton(char const *,int *,int)" (?RadioButton@ImGui@@YA_NPBDPAHH@Z) referenced in function "public: void __thiscall Application::DrawImGuiPanel(void)" (?DrawImGuiPanel@Application@@QAEXXZ)
Conquer.obj : error LNK2019: unresolved external symbol "bool __cdecl ImGui::BeginCombo(char const *,char const *,int)" (?BeginCombo@ImGui@@YA_NPBD0H@Z) referenced in function "public: void __thiscall Application::DrawImGuiPanel(void)" (?DrawImGuiPanel@Application@@QAEXXZ)
Conquer.obj : error LNK2019: unresolved external symbol "void __cdecl ImGui::EndCombo(void)" (?EndCombo@ImGui@@YAXXZ) referenced in function "public: void __thiscall Application::DrawImGuiPanel(void)" (?DrawImGuiPanel@Application@@QAEXXZ)
Conquer.obj : error LNK2019: unresolved external symbol "bool __cdecl ImGui::CollapsingHeader(char const *,int)" (?CollapsingHeader@ImGui@@YA_NPBDH@Z) referenced in function "public: void __thiscall Application::DrawImGuiPanel(void)" (?DrawImGuiPanel@Application@@QAEXXZ)
Conquer.obj : error LNK2019: unresolved external symbol "bool __cdecl ImGui::Selectable(char const *,bool,int,struct ImVec2 const &)" (?Selectable@ImGui@@YA_NPBD_NHABUImVec2@@@Z) referenced in function "public: void __thiscall Application::DrawImGuiPanel(void)" (?DrawImGuiPanel@Application@@QAEXXZ)
Conquer.obj : error LNK2019: unresolved external symbol "void __cdecl ImGui::SetItemDefaultFocus(void)" (?SetItemDefaultFocus@ImGui@@YAXXZ) referenced in function "public: void __thiscall Application::DrawImGuiPanel(void)" (?DrawImGuiPanel@Application@@QAEXXZ)
Conquer.obj : error LNK2019: unresolved external symbol "bool __cdecl ImGui::DebugCheckVersionAndDataLayout(char const *,unsigned int,unsigned int,unsigned int,unsigned int,unsigned int,unsigned int)" (?DebugCheckVersionAndDataLayout@ImGui@@YA_NPBDIIIIII@Z) referenced in function "public: bool __thiscall Application::Initialize(struct HINSTANCE__ *)" (?Initialize@Application@@QAE_NPAUHINSTANCE__@@@Z)
Conquer.obj : error LNK2019: unresolved external symbol "bool __cdecl ImGui_ImplWin32_Init(void *)" (?ImGui_ImplWin32_Init@@YA_NPAX@Z) referenced in function "public: bool __thiscall Application::Initialize(struct HINSTANCE__ *)" (?Initialize@Application@@QAE_NPAUHINSTANCE__@@@Z)
Conquer.obj : error LNK2019: unresolved external symbol "void __cdecl ImGui_ImplWin32_Shutdown(void)" (?ImGui_ImplWin32_Shutdown@@YAXXZ) referenced in function "public: void __thiscall Application::Run(void)" (?Run@Application@@QAEXXZ)
Conquer.obj : error LNK2019: unresolved external symbol "void __cdecl ImGui_ImplWin32_NewFrame(void)" (?ImGui_ImplWin32_NewFrame@@YAXXZ) referenced in function "public: void __thiscall Application::Run(void)" (?Run@Application@@QAEXXZ)
Conquer.obj : error LNK2019: unresolved external symbol "bool __cdecl ImGui_ImplDX11_Init(struct ID3D11Device *,struct ID3D11DeviceContext *)" (?ImGui_ImplDX11_Init@@YA_NPAUID3D11Device@@PAUID3D11DeviceContext@@@Z) referenced in function "public: bool __thiscall Application::Initialize(struct HINSTANCE__ *)" (?Initialize@Application@@QAE_NPAUHINSTANCE__@@@Z)
Conquer.obj : error LNK2019: unresolved external symbol "void __cdecl ImGui_ImplDX11_Shutdown(void)" (?ImGui_ImplDX11_Shutdown@@YAXXZ) referenced in function "public: void __thiscall Application::Run(void)" (?Run@Application@@QAEXXZ)
Conquer.obj : error LNK2019: unresolved external symbol "void __cdecl ImGui_ImplDX11_NewFrame(void)" (?ImGui_ImplDX11_NewFrame@@YAXXZ) referenced in function "public: void __thiscall Application::Run(void)" (?Run@Application@@QAEXXZ)
Conquer.obj : error LNK2019: unresolved external symbol "void __cdecl ImGui_ImplDX11_RenderDrawData(struct ImDrawData *)" (?ImGui_ImplDX11_RenderDrawData@@YAXPAUImDrawData@@@Z) referenced in function "public: void __thiscall Application::Run(void)" (?Run@Application@@QAEXXZ)
Conquer.obj : error LNK2019: unresolved external symbol "long __cdecl ImGui_ImplWin32_WndProcHandler(struct HWND__ *,unsigned int,unsigned int,long)" (?ImGui_ImplWin32_WndProcHandler@@YAJPAUHWND__@@IIJ@Z) referenced in function "long __stdcall HookWndProc(struct HWND__ *,unsigned int,unsigned int,long)" (?HookWndProc@@YGJPAUHWND__@@IIJ@Z)
D:\projetos\kayank2\conquer_kayank\ConquerKayanK\Debug\Conquer.exe : fatal error LNK1120: 26 unresolved externals
