  Conquer.cpp
D:\projetos\kayank2\conquer_kayank\ConquerKayanK\Resource\Resource.h(17,21): warning C4251: 'Resource::TMENode::effectName': 'std::basic_string<char,std::char_traits<char>,std::allocator<char>>' needs to have dll-interface to be used by clients of 'Resource::TMENode'
  (compiling source file 'Conquer.cpp')
      D:\Program Files\Microsoft Visual Studio\18\Community\VC\Tools\MSVC\14.51.36231\include\xstring(589,7):
      see declaration of 'std::basic_string<char,std::char_traits<char>,std::allocator<char>>'
  
D:\projetos\kayank2\conquer_kayank\ConquerKayanK\Resource\Resource.h(26,30): warning C4251: 'Resource::TMEData::nodes': 'std::vector<Resource::TMENode,std::allocator<Resource::TMENode>>' needs to have dll-interface to be used by clients of 'Resource::TMEData'
  (compiling source file 'Conquer.cpp')
      D:\Program Files\Microsoft Visual Studio\18\Community\VC\Tools\MSVC\14.51.36231\include\vector(459,7):
      see declaration of 'std::vector<Resource::TMENode,std::allocator<Resource::TMENode>>'
  
D:\projetos\kayank2\conquer_kayank\ConquerKayanK\Resource\Resource.h(37,21): warning C4251: 'Resource::EffectConfig::name': 'std::basic_string<char,std::char_traits<char>,std::allocator<char>>' needs to have dll-interface to be used by clients of 'Resource::EffectConfig'
  (compiling source file 'Conquer.cpp')
      D:\Program Files\Microsoft Visual Studio\18\Community\VC\Tools\MSVC\14.51.36231\include\xstring(589,7):
      see declaration of 'std::basic_string<char,std::char_traits<char>,std::allocator<char>>'
  
D:\projetos\kayank2\conquer_kayank\ConquerKayanK\Resource\Resource.h(47,33): warning C4251: 'Resource::EffectConfig::parts': 'std::vector<Resource::EffectPart,std::allocator<Resource::EffectPart>>' needs to have dll-interface to be used by clients of 'Resource::EffectConfig'
  (compiling source file 'Conquer.cpp')
      D:\Program Files\Microsoft Visual Studio\18\Community\VC\Tools\MSVC\14.51.36231\include\vector(459,7):
      see declaration of 'std::vector<Resource::EffectPart,std::allocator<Resource::EffectPart>>'
  
D:\projetos\kayank2\conquer_kayank\ConquerKayanK\Resource\Resource.h(60,32): warning C4251: 'Resource::ArmorConfig::parts': 'std::vector<Resource::ArmorPart,std::allocator<Resource::ArmorPart>>' needs to have dll-interface to be used by clients of 'Resource::ArmorConfig'
  (compiling source file 'Conquer.cpp')
      D:\Program Files\Microsoft Visual Studio\18\Community\VC\Tools\MSVC\14.51.36231\include\vector(459,7):
      see declaration of 'std::vector<Resource::ArmorPart,std::allocator<Resource::ArmorPart>>'
  
D:\projetos\kayank2\conquer_kayank\ConquerKayanK\Resource\Resource.h(73,33): warning C4251: 'Resource::WeaponConfig::parts': 'std::vector<Resource::WeaponPart,std::allocator<Resource::WeaponPart>>' needs to have dll-interface to be used by clients of 'Resource::WeaponConfig'
  (compiling source file 'Conquer.cpp')
      D:\Program Files\Microsoft Visual Studio\18\Community\VC\Tools\MSVC\14.51.36231\include\vector(459,7):
      see declaration of 'std::vector<Resource::WeaponPart,std::allocator<Resource::WeaponPart>>'
  
D:\projetos\kayank2\conquer_kayank\ConquerKayanK\Resource\Resource.h(80,27): warning C4251: 'Resource::PtclFrame::positions': 'std::vector<Resource::Vec3,std::allocator<Resource::Vec3>>' needs to have dll-interface to be used by clients of 'Resource::PtclFrame'
  (compiling source file 'Conquer.cpp')
      D:\Program Files\Microsoft Visual Studio\18\Community\VC\Tools\MSVC\14.51.36231\include\vector(459,7):
      see declaration of 'std::vector<Resource::Vec3,std::allocator<Resource::Vec3>>'
  
D:\projetos\kayank2\conquer_kayank\ConquerKayanK\Resource\Resource.h(81,28): warning C4251: 'Resource::PtclFrame::ages': 'std::vector<float,std::allocator<float>>' needs to have dll-interface to be used by clients of 'Resource::PtclFrame'
  (compiling source file 'Conquer.cpp')
      D:\Program Files\Microsoft Visual Studio\18\Community\VC\Tools\MSVC\14.51.36231\include\vector(459,7):
      see declaration of 'std::vector<float,std::allocator<float>>'
  
D:\projetos\kayank2\conquer_kayank\ConquerKayanK\Resource\Resource.h(82,28): warning C4251: 'Resource::PtclFrame::sizes': 'std::vector<float,std::allocator<float>>' needs to have dll-interface to be used by clients of 'Resource::PtclFrame'
  (compiling source file 'Conquer.cpp')
      D:\Program Files\Microsoft Visual Studio\18\Community\VC\Tools\MSVC\14.51.36231\include\vector(459,7):
      see declaration of 'std::vector<float,std::allocator<float>>'
  
D:\projetos\kayank2\conquer_kayank\ConquerKayanK\Resource\Resource.h(88,21): warning C4251: 'Resource::C3Ptcl::name': 'std::basic_string<char,std::char_traits<char>,std::allocator<char>>' needs to have dll-interface to be used by clients of 'Resource::C3Ptcl'
  (compiling source file 'Conquer.cpp')
      D:\Program Files\Microsoft Visual Studio\18\Community\VC\Tools\MSVC\14.51.36231\include\xstring(589,7):
      see declaration of 'std::basic_string<char,std::char_traits<char>,std::allocator<char>>'
  
D:\projetos\kayank2\conquer_kayank\ConquerKayanK\Resource\Resource.h(89,21): warning C4251: 'Resource::C3Ptcl::textureName': 'std::basic_string<char,std::char_traits<char>,std::allocator<char>>' needs to have dll-interface to be used by clients of 'Resource::C3Ptcl'
  (compiling source file 'Conquer.cpp')
      D:\Program Files\Microsoft Visual Studio\18\Community\VC\Tools\MSVC\14.51.36231\include\xstring(589,7):
      see declaration of 'std::basic_string<char,std::char_traits<char>,std::allocator<char>>'
  
D:\projetos\kayank2\conquer_kayank\ConquerKayanK\Resource\Resource.h(97,32): warning C4251: 'Resource::C3Ptcl::frames': 'std::vector<Resource::PtclFrame,std::allocator<Resource::PtclFrame>>' needs to have dll-interface to be used by clients of 'Resource::C3Ptcl'
  (compiling source file 'Conquer.cpp')
      D:\Program Files\Microsoft Visual Studio\18\Community\VC\Tools\MSVC\14.51.36231\include\vector(459,7):
      see declaration of 'std::vector<Resource::PtclFrame,std::allocator<Resource::PtclFrame>>'
  
D:\projetos\kayank2\conquer_kayank\ConquerKayanK\Resource\Resource.h(101,27): warning C4251: 'Resource::C3ShapeLine::points': 'std::vector<Resource::Vec3,std::allocator<Resource::Vec3>>' needs to have dll-interface to be used by clients of 'Resource::C3ShapeLine'
  (compiling source file 'Conquer.cpp')
      D:\Program Files\Microsoft Visual Studio\18\Community\VC\Tools\MSVC\14.51.36231\include\vector(459,7):
      see declaration of 'std::vector<Resource::Vec3,std::allocator<Resource::Vec3>>'
  
D:\projetos\kayank2\conquer_kayank\ConquerKayanK\Resource\Resource.h(105,21): warning C4251: 'Resource::C3Shape::name': 'std::basic_string<char,std::char_traits<char>,std::allocator<char>>' needs to have dll-interface to be used by clients of 'Resource::C3Shape'
  (compiling source file 'Conquer.cpp')
      D:\Program Files\Microsoft Visual Studio\18\Community\VC\Tools\MSVC\14.51.36231\include\xstring(589,7):
      see declaration of 'std::basic_string<char,std::char_traits<char>,std::allocator<char>>'
  
D:\projetos\kayank2\conquer_kayank\ConquerKayanK\Resource\Resource.h(106,21): warning C4251: 'Resource::C3Shape::textureName': 'std::basic_string<char,std::char_traits<char>,std::allocator<char>>' needs to have dll-interface to be used by clients of 'Resource::C3Shape'
  (compiling source file 'Conquer.cpp')
      D:\Program Files\Microsoft Visual Studio\18\Community\VC\Tools\MSVC\14.51.36231\include\xstring(589,7):
      see declaration of 'std::basic_string<char,std::char_traits<char>,std::allocator<char>>'
  
D:\projetos\kayank2\conquer_kayank\ConquerKayanK\Resource\Resource.h(108,34): warning C4251: 'Resource::C3Shape::lines': 'std::vector<Resource::C3ShapeLine,std::allocator<Resource::C3ShapeLine>>' needs to have dll-interface to be used by clients of 'Resource::C3Shape'
  (compiling source file 'Conquer.cpp')
      D:\Program Files\Microsoft Visual Studio\18\Community\VC\Tools\MSVC\14.51.36231\include\vector(459,7):
      see declaration of 'std::vector<Resource::C3ShapeLine,std::allocator<Resource::C3ShapeLine>>'
  
D:\projetos\kayank2\conquer_kayank\ConquerKayanK\Resource\Resource.h(111,74): warning C4251: 'Resource::C3KeyFrame::boneMatrices': 'std::vector<Resource::Matrix4x4,std::allocator<Resource::Matrix4x4>>' needs to have dll-interface to be used by clients of 'Resource::C3KeyFrame'
  (compiling source file 'Conquer.cpp')
      D:\Program Files\Microsoft Visual Studio\18\Community\VC\Tools\MSVC\14.51.36231\include\vector(459,7):
      see declaration of 'std::vector<Resource::Matrix4x4,std::allocator<Resource::Matrix4x4>>'
  
D:\projetos\kayank2\conquer_kayank\ConquerKayanK\Resource\Resource.h(114,33): warning C4251: 'Resource::C3Motion::keyframes': 'std::vector<Resource::C3KeyFrame,std::allocator<Resource::C3KeyFrame>>' needs to have dll-interface to be used by clients of 'Resource::C3Motion'
  (compiling source file 'Conquer.cpp')
      D:\Program Files\Microsoft Visual Studio\18\Community\VC\Tools\MSVC\14.51.36231\include\vector(459,7):
      see declaration of 'std::vector<Resource::C3KeyFrame,std::allocator<Resource::C3KeyFrame>>'
  
D:\projetos\kayank2\conquer_kayank\ConquerKayanK\Resource\Resource.h(115,28): warning C4251: 'Resource::C3Motion::morphs': 'std::vector<float,std::allocator<float>>' needs to have dll-interface to be used by clients of 'Resource::C3Motion'
  (compiling source file 'Conquer.cpp')
      D:\Program Files\Microsoft Visual Studio\18\Community\VC\Tools\MSVC\14.51.36231\include\vector(459,7):
      see declaration of 'std::vector<float,std::allocator<float>>'
  
D:\projetos\kayank2\conquer_kayank\ConquerKayanK\Resource\Resource.h(131,21): warning C4251: 'Resource::C3Phy::name': 'std::basic_string<char,std::char_traits<char>,std::allocator<char>>' needs to have dll-interface to be used by clients of 'Resource::C3Phy'
  (compiling source file 'Conquer.cpp')
      D:\Program Files\Microsoft Visual Studio\18\Community\VC\Tools\MSVC\14.51.36231\include\xstring(589,7):
      see declaration of 'std::basic_string<char,std::char_traits<char>,std::allocator<char>>'
  
D:\projetos\kayank2\conquer_kayank\ConquerKayanK\Resource\Resource.h(131,39): warning C4251: 'Resource::C3Phy::textureName': 'std::basic_string<char,std::char_traits<char>,std::allocator<char>>' needs to have dll-interface to be used by clients of 'Resource::C3Phy'
  (compiling source file 'Conquer.cpp')
      D:\Program Files\Microsoft Visual Studio\18\Community\VC\Tools\MSVC\14.51.36231\include\xstring(589,7):
      see declaration of 'std::basic_string<char,std::char_traits<char>,std::allocator<char>>'
  
D:\projetos\kayank2\conquer_kayank\ConquerKayanK\Resource\Resource.h(133,32): warning C4251: 'Resource::C3Phy::vertices': 'std::vector<Resource::PhyVertex,std::allocator<Resource::PhyVertex>>' needs to have dll-interface to be used by clients of 'Resource::C3Phy'
  (compiling source file 'Conquer.cpp')
      D:\Program Files\Microsoft Visual Studio\18\Community\VC\Tools\MSVC\14.51.36231\include\vector(459,7):
      see declaration of 'std::vector<Resource::PhyVertex,std::allocator<Resource::PhyVertex>>'
  
D:\projetos\kayank2\conquer_kayank\ConquerKayanK\Resource\Resource.h(133,64): warning C4251: 'Resource::C3Phy::indices': 'std::vector<uint16_t,std::allocator<uint16_t>>' needs to have dll-interface to be used by clients of 'Resource::C3Phy'
  (compiling source file 'Conquer.cpp')
      D:\Program Files\Microsoft Visual Studio\18\Community\VC\Tools\MSVC\14.51.36231\include\vector(459,7):
      see declaration of 'std::vector<uint16_t,std::allocator<uint16_t>>'
  
D:\projetos\kayank2\conquer_kayank\ConquerKayanK\Resource\Resource.h(140,30): warning C4251: 'Resource::C3Phy::alphaKeys': 'std::vector<Resource::C3Frame,std::allocator<Resource::C3Frame>>' needs to have dll-interface to be used by clients of 'Resource::C3Phy'
  (compiling source file 'Conquer.cpp')
      D:\Program Files\Microsoft Visual Studio\18\Community\VC\Tools\MSVC\14.51.36231\include\vector(459,7):
      see declaration of 'std::vector<Resource::C3Frame,std::allocator<Resource::C3Frame>>'
  
D:\projetos\kayank2\conquer_kayank\ConquerKayanK\Resource\Resource.h(141,30): warning C4251: 'Resource::C3Phy::drawKeys': 'std::vector<Resource::C3Frame,std::allocator<Resource::C3Frame>>' needs to have dll-interface to be used by clients of 'Resource::C3Phy'
  (compiling source file 'Conquer.cpp')
      D:\Program Files\Microsoft Visual Studio\18\Community\VC\Tools\MSVC\14.51.36231\include\vector(459,7):
      see declaration of 'std::vector<Resource::C3Frame,std::allocator<Resource::C3Frame>>'
  
D:\projetos\kayank2\conquer_kayank\ConquerKayanK\Resource\Resource.h(142,30): warning C4251: 'Resource::C3Phy::changeTexKeys': 'std::vector<Resource::C3Frame,std::allocator<Resource::C3Frame>>' needs to have dll-interface to be used by clients of 'Resource::C3Phy'
  (compiling source file 'Conquer.cpp')
      D:\Program Files\Microsoft Visual Studio\18\Community\VC\Tools\MSVC\14.51.36231\include\vector(459,7):
      see declaration of 'std::vector<Resource::C3Frame,std::allocator<Resource::C3Frame>>'
  
D:\projetos\kayank2\conquer_kayank\ConquerKayanK\Resource\Resource.h(177,28): warning C4251: 'Resource::C3Model::phys': 'std::vector<Resource::C3Phy,std::allocator<Resource::C3Phy>>' needs to have dll-interface to be used by clients of 'Resource::C3Model'
  (compiling source file 'Conquer.cpp')
      D:\Program Files\Microsoft Visual Studio\18\Community\VC\Tools\MSVC\14.51.36231\include\vector(459,7):
      see declaration of 'std::vector<Resource::C3Phy,std::allocator<Resource::C3Phy>>'
  
D:\projetos\kayank2\conquer_kayank\ConquerKayanK\Resource\Resource.h(178,31): warning C4251: 'Resource::C3Model::motions': 'std::vector<Resource::C3Motion,std::allocator<Resource::C3Motion>>' needs to have dll-interface to be used by clients of 'Resource::C3Model'
  (compiling source file 'Conquer.cpp')
      D:\Program Files\Microsoft Visual Studio\18\Community\VC\Tools\MSVC\14.51.36231\include\vector(459,7):
      see declaration of 'std::vector<Resource::C3Motion,std::allocator<Resource::C3Motion>>'
  
D:\projetos\kayank2\conquer_kayank\ConquerKayanK\Resource\Resource.h(179,29): warning C4251: 'Resource::C3Model::ptcls': 'std::vector<Resource::C3Ptcl,std::allocator<Resource::C3Ptcl>>' needs to have dll-interface to be used by clients of 'Resource::C3Model'
  (compiling source file 'Conquer.cpp')
      D:\Program Files\Microsoft Visual Studio\18\Community\VC\Tools\MSVC\14.51.36231\include\vector(459,7):
      see declaration of 'std::vector<Resource::C3Ptcl,std::allocator<Resource::C3Ptcl>>'
  
D:\projetos\kayank2\conquer_kayank\ConquerKayanK\Resource\Resource.h(180,30): warning C4251: 'Resource::C3Model::shapes': 'std::vector<Resource::C3Shape,std::allocator<Resource::C3Shape>>' needs to have dll-interface to be used by clients of 'Resource::C3Model'
  (compiling source file 'Conquer.cpp')
      D:\Program Files\Microsoft Visual Studio\18\Community\VC\Tools\MSVC\14.51.36231\include\vector(459,7):
      see declaration of 'std::vector<Resource::C3Shape,std::allocator<Resource::C3Shape>>'
  
D:\projetos\kayank2\conquer_kayank\ConquerKayanK\Resource\Resource.h(190,21): warning C4251: 'Resource::MapTerrainObject::aniPath': 'std::basic_string<char,std::char_traits<char>,std::allocator<char>>' needs to have dll-interface to be used by clients of 'Resource::MapTerrainObject'
  (compiling source file 'Conquer.cpp')
      D:\Program Files\Microsoft Visual Studio\18\Community\VC\Tools\MSVC\14.51.36231\include\xstring(589,7):
      see declaration of 'std::basic_string<char,std::char_traits<char>,std::allocator<char>>'
  
D:\projetos\kayank2\conquer_kayank\ConquerKayanK\Resource\Resource.h(191,21): warning C4251: 'Resource::MapTerrainObject::aniName': 'std::basic_string<char,std::char_traits<char>,std::allocator<char>>' needs to have dll-interface to be used by clients of 'Resource::MapTerrainObject'
  (compiling source file 'Conquer.cpp')
      D:\Program Files\Microsoft Visual Studio\18\Community\VC\Tools\MSVC\14.51.36231\include\xstring(589,7):
      see declaration of 'std::basic_string<char,std::char_traits<char>,std::allocator<char>>'
  
D:\projetos\kayank2\conquer_kayank\ConquerKayanK\Resource\Resource.h(201,21): warning C4251: 'Resource::MapSceneObject::scenePath': 'std::basic_string<char,std::char_traits<char>,std::allocator<char>>' needs to have dll-interface to be used by clients of 'Resource::MapSceneObject'
  (compiling source file 'Conquer.cpp')
      D:\Program Files\Microsoft Visual Studio\18\Community\VC\Tools\MSVC\14.51.36231\include\xstring(589,7):
      see declaration of 'std::basic_string<char,std::char_traits<char>,std::allocator<char>>'
  
D:\projetos\kayank2\conquer_kayank\ConquerKayanK\Resource\Resource.h(208,21): warning C4251: 'Resource::DMapData::puzzleFile': 'std::basic_string<char,std::char_traits<char>,std::allocator<char>>' needs to have dll-interface to be used by clients of 'Resource::DMapData'
  (compiling source file 'Conquer.cpp')
      D:\Program Files\Microsoft Visual Studio\18\Community\VC\Tools\MSVC\14.51.36231\include\xstring(589,7):
      see declaration of 'std::basic_string<char,std::char_traits<char>,std::allocator<char>>'
  
D:\projetos\kayank2\conquer_kayank\ConquerKayanK\Resource\Resource.h(209,30): warning C4251: 'Resource::DMapData::cells': 'std::vector<Resource::MapCell,std::allocator<Resource::MapCell>>' needs to have dll-interface to be used by clients of 'Resource::DMapData'
  (compiling source file 'Conquer.cpp')
      D:\Program Files\Microsoft Visual Studio\18\Community\VC\Tools\MSVC\14.51.36231\include\vector(459,7):
      see declaration of 'std::vector<Resource::MapCell,std::allocator<Resource::MapCell>>'
  
D:\projetos\kayank2\conquer_kayank\ConquerKayanK\Resource\Resource.h(210,32): warning C4251: 'Resource::DMapData::portals': 'std::vector<Resource::MapPortal,std::allocator<Resource::MapPortal>>' needs to have dll-interface to be used by clients of 'Resource::DMapData'
  (compiling source file 'Conquer.cpp')
      D:\Program Files\Microsoft Visual Studio\18\Community\VC\Tools\MSVC\14.51.36231\include\vector(459,7):
      see declaration of 'std::vector<Resource::MapPortal,std::allocator<Resource::MapPortal>>'
  
D:\projetos\kayank2\conquer_kayank\ConquerKayanK\Resource\Resource.h(211,39): warning C4251: 'Resource::DMapData::terrainObjects': 'std::vector<Resource::MapTerrainObject,std::allocator<Resource::MapTerrainObject>>' needs to have dll-interface to be used by clients of 'Resource::DMapData'
  (compiling source file 'Conquer.cpp')
      D:\Program Files\Microsoft Visual Studio\18\Community\VC\Tools\MSVC\14.51.36231\include\vector(459,7):
      see declaration of 'std::vector<Resource::MapTerrainObject,std::allocator<Resource::MapTerrainObject>>'
  
D:\projetos\kayank2\conquer_kayank\ConquerKayanK\Resource\Resource.h(212,37): warning C4251: 'Resource::DMapData::sceneObjects': 'std::vector<Resource::MapSceneObject,std::allocator<Resource::MapSceneObject>>' needs to have dll-interface to be used by clients of 'Resource::DMapData'
  (compiling source file 'Conquer.cpp')
      D:\Program Files\Microsoft Visual Studio\18\Community\VC\Tools\MSVC\14.51.36231\include\vector(459,7):
      see declaration of 'std::vector<Resource::MapSceneObject,std::allocator<Resource::MapSceneObject>>'
  
D:\projetos\kayank2\conquer_kayank\ConquerKayanK\Resource\Resource.h(219,21): warning C4251: 'Resource::SceneObjectPart::aniPath': 'std::basic_string<char,std::char_traits<char>,std::allocator<char>>' needs to have dll-interface to be used by clients of 'Resource::SceneObjectPart'
  (compiling source file 'Conquer.cpp')
      D:\Program Files\Microsoft Visual Studio\18\Community\VC\Tools\MSVC\14.51.36231\include\xstring(589,7):
      see declaration of 'std::basic_string<char,std::char_traits<char>,std::allocator<char>>'
  
D:\projetos\kayank2\conquer_kayank\ConquerKayanK\Resource\Resource.h(220,21): warning C4251: 'Resource::SceneObjectPart::aniName': 'std::basic_string<char,std::char_traits<char>,std::allocator<char>>' needs to have dll-interface to be used by clients of 'Resource::SceneObjectPart'
  (compiling source file 'Conquer.cpp')
      D:\Program Files\Microsoft Visual Studio\18\Community\VC\Tools\MSVC\14.51.36231\include\xstring(589,7):
      see declaration of 'std::basic_string<char,std::char_traits<char>,std::allocator<char>>'
  
D:\projetos\kayank2\conquer_kayank\ConquerKayanK\Resource\Resource.h(228,30): warning C4251: 'Resource::SceneObjectPart::cells': 'std::vector<Resource::MapCell,std::allocator<Resource::MapCell>>' needs to have dll-interface to be used by clients of 'Resource::SceneObjectPart'
  (compiling source file 'Conquer.cpp')
      D:\Program Files\Microsoft Visual Studio\18\Community\VC\Tools\MSVC\14.51.36231\include\vector(459,7):
      see declaration of 'std::vector<Resource::MapCell,std::allocator<Resource::MapCell>>'
  
D:\projetos\kayank2\conquer_kayank\ConquerKayanK\Resource\Resource.h(233,38): warning C4251: 'Resource::SceneFileData::parts': 'std::vector<Resource::SceneObjectPart,std::allocator<Resource::SceneObjectPart>>' needs to have dll-interface to be used by clients of 'Resource::SceneFileData'
  (compiling source file 'Conquer.cpp')
      D:\Program Files\Microsoft Visual Studio\18\Community\VC\Tools\MSVC\14.51.36231\include\vector(459,7):
      see declaration of 'std::vector<Resource::SceneObjectPart,std::allocator<Resource::SceneObjectPart>>'
  
D:\projetos\kayank2\conquer_kayank\ConquerKayanK\Resource\Resource.h(238,21): warning C4251: 'Resource::PulData::puzzleType': 'std::basic_string<char,std::char_traits<char>,std::allocator<char>>' needs to have dll-interface to be used by clients of 'Resource::PulData'
  (compiling source file 'Conquer.cpp')
      D:\Program Files\Microsoft Visual Studio\18\Community\VC\Tools\MSVC\14.51.36231\include\xstring(589,7):
      see declaration of 'std::basic_string<char,std::char_traits<char>,std::allocator<char>>'
  
D:\projetos\kayank2\conquer_kayank\ConquerKayanK\Resource\Resource.h(238,33): warning C4251: 'Resource::PulData::aniFile': 'std::basic_string<char,std::char_traits<char>,std::allocator<char>>' needs to have dll-interface to be used by clients of 'Resource::PulData'
  (compiling source file 'Conquer.cpp')
      D:\Program Files\Microsoft Visual Studio\18\Community\VC\Tools\MSVC\14.51.36231\include\xstring(589,7):
      see declaration of 'std::basic_string<char,std::char_traits<char>,std::allocator<char>>'
  
D:\projetos\kayank2\conquer_kayank\ConquerKayanK\Resource\Resource.h(240,30): warning C4251: 'Resource::PulData::tiles': 'std::vector<int16_t,std::allocator<int16_t>>' needs to have dll-interface to be used by clients of 'Resource::PulData'
  (compiling source file 'Conquer.cpp')
      D:\Program Files\Microsoft Visual Studio\18\Community\VC\Tools\MSVC\14.51.36231\include\vector(459,7):
      see declaration of 'std::vector<int16_t,std::allocator<int16_t>>'
  
D:\projetos\kayank2\conquer_kayank\ConquerKayanK\Resource\Resource.h(244,21): warning C4251: 'Resource::GameMapRecord::dmapPath': 'std::basic_string<char,std::char_traits<char>,std::allocator<char>>' needs to have dll-interface to be used by clients of 'Resource::GameMapRecord'
  (compiling source file 'Conquer.cpp')
      D:\Program Files\Microsoft Visual Studio\18\Community\VC\Tools\MSVC\14.51.36231\include\xstring(589,7):
      see declaration of 'std::basic_string<char,std::char_traits<char>,std::allocator<char>>'
  
D:\projetos\kayank2\conquer_kayank\ConquerKayanK\Resource\Resource.h(254,21): warning C4251: 'Resource::MusicRegionEntry::titleMusic': 'std::basic_string<char,std::char_traits<char>,std::allocator<char>>' needs to have dll-interface to be used by clients of 'Resource::MusicRegionEntry'
  (compiling source file 'Conquer.cpp')
      D:\Program Files\Microsoft Visual Studio\18\Community\VC\Tools\MSVC\14.51.36231\include\xstring(589,7):
      see declaration of 'std::basic_string<char,std::char_traits<char>,std::allocator<char>>'
  
D:\projetos\kayank2\conquer_kayank\ConquerKayanK\Resource\Resource.h(257,34): warning C4251: 'Resource::MusicRegionEntry::musics': 'std::vector<std::string,std::allocator<std::string>>' needs to have dll-interface to be used by clients of 'Resource::MusicRegionEntry'
  (compiling source file 'Conquer.cpp')
      D:\Program Files\Microsoft Visual Studio\18\Community\VC\Tools\MSVC\14.51.36231\include\vector(459,7):
      see declaration of 'std::vector<std::string,std::allocator<std::string>>'
  
D:\projetos\kayank2\conquer_kayank\ConquerKayanK\Resource\Resource.h(258,26): warning C4251: 'Resource::MusicRegionEntry::musicTimes': 'std::vector<int,std::allocator<int>>' needs to have dll-interface to be used by clients of 'Resource::MusicRegionEntry'
  (compiling source file 'Conquer.cpp')
      D:\Program Files\Microsoft Visual Studio\18\Community\VC\Tools\MSVC\14.51.36231\include\vector(459,7):
      see declaration of 'std::vector<int,std::allocator<int>>'
  
D:\projetos\kayank2\conquer_kayank\ConquerKayanK\Resource\Resource.h(274,21): warning C4251: 'Resource::MapRegionEntry::regionName': 'std::basic_string<char,std::char_traits<char>,std::allocator<char>>' needs to have dll-interface to be used by clients of 'Resource::MapRegionEntry'
  (compiling source file 'Conquer.cpp')
      D:\Program Files\Microsoft Visual Studio\18\Community\VC\Tools\MSVC\14.51.36231\include\xstring(589,7):
      see declaration of 'std::basic_string<char,std::char_traits<char>,std::allocator<char>>'
  
D:\projetos\kayank2\conquer_kayank\ConquerKayanK\Resource\Resource.h(275,21): warning C4251: 'Resource::MapRegionEntry::effectName': 'std::basic_string<char,std::char_traits<char>,std::allocator<char>>' needs to have dll-interface to be used by clients of 'Resource::MapRegionEntry'
  (compiling source file 'Conquer.cpp')
      D:\Program Files\Microsoft Visual Studio\18\Community\VC\Tools\MSVC\14.51.36231\include\xstring(589,7):
      see declaration of 'std::basic_string<char,std::char_traits<char>,std::allocator<char>>'
  
D:\projetos\kayank2\conquer_kayank\ConquerKayanK\Resource\Resource.h(286,21): warning C4251: 'Resource::NpcDbEntry::name': 'std::basic_string<char,std::char_traits<char>,std::allocator<char>>' needs to have dll-interface to be used by clients of 'Resource::NpcDbEntry'
  (compiling source file 'Conquer.cpp')
      D:\Program Files\Microsoft Visual Studio\18\Community\VC\Tools\MSVC\14.51.36231\include\xstring(589,7):
      see declaration of 'std::basic_string<char,std::char_traits<char>,std::allocator<char>>'
  
D:\projetos\kayank2\conquer_kayank\ConquerKayanK\Resource\Resource.h(295,21): warning C4251: 'Resource::NpcTypeConfig::name': 'std::basic_string<char,std::char_traits<char>,std::allocator<char>>' needs to have dll-interface to be used by clients of 'Resource::NpcTypeConfig'
  (compiling source file 'Conquer.cpp')
      D:\Program Files\Microsoft Visual Studio\18\Community\VC\Tools\MSVC\14.51.36231\include\xstring(589,7):
      see declaration of 'std::basic_string<char,std::char_traits<char>,std::allocator<char>>'
  
D:\projetos\kayank2\conquer_kayank\ConquerKayanK\Resource\Resource.h(298,21): warning C4251: 'Resource::NpcTypeConfig::effect': 'std::basic_string<char,std::char_traits<char>,std::allocator<char>>' needs to have dll-interface to be used by clients of 'Resource::NpcTypeConfig'
  (compiling source file 'Conquer.cpp')
      D:\Program Files\Microsoft Visual Studio\18\Community\VC\Tools\MSVC\14.51.36231\include\xstring(589,7):
      see declaration of 'std::basic_string<char,std::char_traits<char>,std::allocator<char>>'
  
D:\projetos\kayank2\conquer_kayank\ConquerKayanK\Resource\Resource.h(311,36): warning C4251: 'Resource::SimpleObjConfig::parts': 'std::vector<Resource::SimpleObjPart,std::allocator<Resource::SimpleObjPart>>' needs to have dll-interface to be used by clients of 'Resource::SimpleObjConfig'
  (compiling source file 'Conquer.cpp')
      D:\Program Files\Microsoft Visual Studio\18\Community\VC\Tools\MSVC\14.51.36231\include\vector(459,7):
      see declaration of 'std::vector<Resource::SimpleObjPart,std::allocator<Resource::SimpleObjPart>>'
  
D:\projetos\kayank2\conquer_kayank\ConquerKayanK\Resource\Resource.h(316,21): warning C4251: 'Resource::NpcXConfig::name': 'std::basic_string<char,std::char_traits<char>,std::allocator<char>>' needs to have dll-interface to be used by clients of 'Resource::NpcXConfig'
  (compiling source file 'Conquer.cpp')
      D:\Program Files\Microsoft Visual Studio\18\Community\VC\Tools\MSVC\14.51.36231\include\xstring(589,7):
      see declaration of 'std::basic_string<char,std::char_traits<char>,std::allocator<char>>'
  
D:\projetos\kayank2\conquer_kayank\ConquerKayanK\Resource\Resource.h(325,21): warning C4251: 'Resource::NpcXConfig::effect': 'std::basic_string<char,std::char_traits<char>,std::allocator<char>>' needs to have dll-interface to be used by clients of 'Resource::NpcXConfig'
  (compiling source file 'Conquer.cpp')
      D:\Program Files\Microsoft Visual Studio\18\Community\VC\Tools\MSVC\14.51.36231\include\xstring(589,7):
      see declaration of 'std::basic_string<char,std::char_traits<char>,std::allocator<char>>'
  
D:\projetos\kayank2\conquer_kayank\ConquerKayanK\Graphics\Graphics.h(29,37): warning C4251: 'Graphics::ShapeRenderState::vb': 'std::vector<Graphics::ShapeOutVertex,std::allocator<Graphics::ShapeOutVertex>>' needs to have dll-interface to be used by clients of 'Graphics::ShapeRenderState'
  (compiling source file 'Conquer.cpp')
      D:\Program Files\Microsoft Visual Studio\18\Community\VC\Tools\MSVC\14.51.36231\include\vector(459,7):
      see declaration of 'std::vector<Graphics::ShapeOutVertex,std::allocator<Graphics::ShapeOutVertex>>'
  
D:\projetos\kayank2\conquer_kayank\ConquerKayanK\Resource\Resource_Utils.h(79,15): warning C4267: 'initializing': conversion from 'size_t' to 'int', possible loss of data
  (compiling source file 'Conquer.cpp')
  
D:\projetos\kayank2\conquer_kayank\ConquerKayanK\Conquer\Conquer.cpp(3309,30): warning C4267: 'initializing': conversion from 'size_t' to 'int', possible loss of data
D:\projetos\kayank2\conquer_kayank\ConquerKayanK\Conquer\Conquer.cpp(3836,78): warning C4267: '=': conversion from 'size_t' to 'int', possible loss of data
D:\projetos\kayank2\conquer_kayank\ConquerKayanK\Conquer\Conquer.cpp(4105,78): warning C4244: '=': conversion from 'int' to 'float', possible loss of data
D:\projetos\kayank2\conquer_kayank\ConquerKayanK\Conquer\Conquer.cpp(4108,43): warning C4244: '=': conversion from 'int' to 'float', possible loss of data
D:\projetos\kayank2\conquer_kayank\ConquerKayanK\Conquer\Conquer.cpp(4807,22): warning C4244: 'initializing': conversion from 'double' to 'int', possible loss of data
D:\projetos\kayank2\conquer_kayank\ConquerKayanK\Conquer\Conquer.cpp(4808,22): warning C4244: 'initializing': conversion from 'float' to 'int', possible loss of data
D:\projetos\kayank2\conquer_kayank\ConquerKayanK\Conquer\Conquer.cpp(4818,25): warning C4267: 'initializing': conversion from 'size_t' to 'int', possible loss of data
D:\projetos\kayank2\conquer_kayank\ConquerKayanK\Conquer\Conquer.cpp(4903,23): warning C4244: 'initializing': conversion from 'float' to 'int', possible loss of data
D:\Program Files\Microsoft Visual Studio\18\Community\VC\Tools\MSVC\14.51.36231\include\xutility(5094,18): warning C4244: '=': conversion from 'wchar_t' to 'char', possible loss of data
  (compiling source file 'Conquer.cpp')
      D:\Program Files\Microsoft Visual Studio\18\Community\VC\Tools\MSVC\14.51.36231\include\xutility(5094,18):
      the template instantiation context (the oldest one first) is
          D:\projetos\kayank2\conquer_kayank\ConquerKayanK\Conquer\Conquer.cpp(2749,40):
          see reference to function template instantiation 'std::basic_string<char,std::char_traits<char>,std::allocator<char>>::basic_string<std::_String_iterator<std::_String_val<std::_Simple_types<_Elem>>>,0>(_Iter,_Iter,const _Alloc &)' being compiled
          with
          [
              _Elem=wchar_t,
              _Iter=std::_String_iterator<std::_String_val<std::_Simple_types<wchar_t>>>,
              _Alloc=std::allocator<char>
          ]
              D:\projetos\kayank2\conquer_kayank\ConquerKayanK\Conquer\Conquer.cpp(2749,40):
              see the first reference to 'std::basic_string<char,std::char_traits<char>,std::allocator<char>>::basic_string' in 'Application::DrawImGuiPanel'
          D:\Program Files\Microsoft Visual Studio\18\Community\VC\Tools\MSVC\14.51.36231\include\xstring(862,17):
          see reference to function template instantiation 'void std::basic_string<char,std::char_traits<char>,std::allocator<char>>::_Construct_from_iter<wchar_t*,wchar_t*,_Size_type>(_Iter,const _Sent,_Size)' being compiled
          with
          [
              _Size_type=unsigned __int64,
              _Iter=wchar_t *,
              _Sent=wchar_t *,
              _Size=unsigned __int64
          ]
          D:\Program Files\Microsoft Visual Studio\18\Community\VC\Tools\MSVC\14.51.36231\include\xstring(1018,18):
          see reference to function template instantiation '_OutIt *std::_Copy_n_unchecked4<wchar_t*,_Size,char*>(_InIt,_SizeTy,_OutIt)' being compiled
          with
          [
              _OutIt=char *,
              _Size=unsigned __int64,
              _InIt=wchar_t *,
              _SizeTy=unsigned __int64
          ]
  
  Conquer.vcxproj -> D:\projetos\kayank2\conquer_kayank\ConquerKayanK\x64\Debug\Conquer.exe
