d:\projetos\kayank2\conquer_kayank\conquerkayank\conquer\x64\debug\vc145.pdb
d:\projetos\kayank2\conquer_kayank\conquerkayank\conquer\x64\debug\vc145.idb
d:\projetos\kayank2\conquer_kayank\conquerkayank\conquer\x64\debug\imgui_widgets.obj
d:\projetos\kayank2\conquer_kayank\conquerkayank\conquer\x64\debug\imgui_tables.obj
d:\projetos\kayank2\conquer_kayank\conquerkayank\conquer\x64\debug\imgui_draw.obj
d:\projetos\kayank2\conquer_kayank\conquerkayank\conquer\x64\debug\imgui.obj
d:\projetos\kayank2\conquer_kayank\conquerkayank\conquer\x64\debug\imgui_impl_dx11.obj
d:\projetos\kayank2\conquer_kayank\conquerkayank\conquer\x64\debug\imgui_impl_win32.obj
d:\projetos\kayank2\conquer_kayank\conquerkayank\conquer\x64\debug\conquer.obj
d:\projetos\kayank2\conquer_kayank\conquerkayank\conquer\x64\debug\conquer.res
d:\projetos\kayank2\conquer_kayank\conquerkayank\conquer\x64\debug\conquer.ilk
d:\projetos\kayank2\conquer_kayank\conquerkayank\x64\debug\conquer.pdb
d:\projetos\kayank2\conquer_kayank\conquerkayank\conquer\x64\debug\conquer.tlog\cl.command.1.tlog
d:\projetos\kayank2\conquer_kayank\conquerkayank\conquer\x64\debug\conquer.tlog\cl.items.tlog
d:\projetos\kayank2\conquer_kayank\conquerkayank\conquer\x64\debug\conquer.tlog\cl.read.1.tlog
d:\projetos\kayank2\conquer_kayank\conquerkayank\conquer\x64\debug\conquer.tlog\cl.write.1.tlog
d:\projetos\kayank2\conquer_kayank\conquerkayank\conquer\x64\debug\conquer.tlog\link-cvtres.read.1.tlog
d:\projetos\kayank2\conquer_kayank\conquerkayank\conquer\x64\debug\conquer.tlog\link-cvtres.write.1.tlog
d:\projetos\kayank2\conquer_kayank\conquerkayank\conquer\x64\debug\conquer.tlog\link-mt.read.1.tlog
d:\projetos\kayank2\conquer_kayank\conquerkayank\conquer\x64\debug\conquer.tlog\link-mt.write.1.tlog
d:\projetos\kayank2\conquer_kayank\conquerkayank\conquer\x64\debug\conquer.tlog\link-rc.read.1.tlog
d:\projetos\kayank2\conquer_kayank\conquerkayank\conquer\x64\debug\conquer.tlog\link-rc.write.1.tlog
d:\projetos\kayank2\conquer_kayank\conquerkayank\conquer\x64\debug\conquer.tlog\link.26968-cvtres.read.1.tlog
d:\projetos\kayank2\conquer_kayank\conquerkayank\conquer\x64\debug\conquer.tlog\link.26968-cvtres.write.1.tlog
d:\projetos\kayank2\conquer_kayank\conquerkayank\conquer\x64\debug\conquer.tlog\link.26968-mt.read.1.tlog
d:\projetos\kayank2\conquer_kayank\conquerkayank\conquer\x64\debug\conquer.tlog\link.26968-mt.write.1.tlog
d:\projetos\kayank2\conquer_kayank\conquerkayank\conquer\x64\debug\conquer.tlog\link.26968-rc.read.1.tlog
d:\projetos\kayank2\conquer_kayank\conquerkayank\conquer\x64\debug\conquer.tlog\link.26968-rc.write.1.tlog
d:\projetos\kayank2\conquer_kayank\conquerkayank\conquer\x64\debug\conquer.tlog\link.26968.read.1.tlog
d:\projetos\kayank2\conquer_kayank\conquerkayank\conquer\x64\debug\conquer.tlog\link.26968.read.2.tlog
d:\projetos\kayank2\conquer_kayank\conquerkayank\conquer\x64\debug\conquer.tlog\link.26968.write.1.tlog
d:\projetos\kayank2\conquer_kayank\conquerkayank\conquer\x64\debug\conquer.tlog\link.command.1.tlog
d:\projetos\kayank2\conquer_kayank\conquerkayank\conquer\x64\debug\conquer.tlog\link.read.1.tlog
d:\projetos\kayank2\conquer_kayank\conquerkayank\conquer\x64\debug\conquer.tlog\link.read.2.tlog
d:\projetos\kayank2\conquer_kayank\conquerkayank\conquer\x64\debug\conquer.tlog\link.secondary.1.tlog
d:\projetos\kayank2\conquer_kayank\conquerkayank\conquer\x64\debug\conquer.tlog\link.write.1.tlog
d:\projetos\kayank2\conquer_kayank\conquerkayank\conquer\x64\debug\conquer.tlog\rc.command.1.tlog
d:\projetos\kayank2\conquer_kayank\conquerkayank\conquer\x64\debug\conquer.tlog\rc.read.1.tlog
d:\projetos\kayank2\conquer_kayank\conquerkayank\conquer\x64\debug\conquer.tlog\rc.write.1.tlog
